{
  "workflowRunCount" : 4,
  "studies" : [ "Ovarian Brain Colon Exome Seq" ],
  "sequencerRuns" : [ "111212_h1080_0086_AC045BACXX", "120106_h804_0076_AD0LFWACXX" ],
  "lanes" : [ "111212_h1080_0086_AC045BACXX_lane_1", "111212_h1080_0086_AC045BACXX_lane_5", "120106_h804_0076_AD0LFWACXX_lane_1", "120106_h804_0076_AD0LFWACXX_lane_5" ],
  "samples" : [ "OBC_0001_Ov_X_PE_389_EX", "OBC_0001_nn_R_PE_388_EX" ],
  "workflows" : [ "CASAVA" ],
  "processingAlgorithms" : [ "BCLToFastq" ],
  "fileMetaTypes" : [ "chemical/seq-na-fastq-gzip" ],
  "maxInputFiles" : 2,
  "minInputFiles" : 2,
  "totalInputFiles" : 8,
  "workflowRuns" : [ {
    "workflowIni" : {
      "fastqc" : "fastqc-0.11.5/fastqc",
      "java" : "jre1.7.0_51/bin/java",
      "manual_output" : "false",
      "metadata" : "metadata",
      "output_dir" : "seqware-results",
      "output_path" : "NA",
      "perl" : "perl-5.14.1/perl"
    },
    "files" : [ {
      "studyTitle" : [ "Ovarian Brain Colon Exome Seq" ],
      "studyAttributes" : {
        "geo_lab_group_id" : [ [ "121" ] ]
      },
      "experimentName" : [ ],
      "experimentAttributes" : { },
      "sampleName" : [ "OBC_0001_Ov_X_PE_389_EX" ],
      "sampleAttributes" : {
        "geo_external_name" : [ [ "2161/2028" ] ],
        "geo_library_source_template_type" : [ [ "EX" ] ],
        "geo_nanodrop_concentration" : [ [ "367.6" ] ],
        "geo_organism" : [ [ "Homo sapiens" ] ],
        "geo_prep_kit" : [ [ "GA_multiplex" ] ],
        "geo_purpose" : [ [ "Library", "Stock" ] ],
        "geo_qubit_concentration" : [ [ "90.4" ] ],
        "geo_reaction_id" : [ [ "5581", "5773" ] ],
        "geo_receive_date" : [ [ "2011-11-08" ] ],
        "geo_run_id_and_position_and_slot" : [ [ "866_1_1", "889_1_1" ] ],
        "geo_str_result" : [ [ "Pass" ] ],
        "geo_targeted_resequencing" : [ [ "Agilent SureSelect ICGC/Sanger Exon" ] ],
        "geo_template_id" : [ [ "14996", "15004", "15014", "15686", "15687" ] ],
        "geo_template_type" : [ [ "Identity", "Illumina PE Library", "Illumina PE Library Seq", "gDNA" ] ],
        "geo_tissue_origin" : [ [ "Ov" ] ],
        "geo_tissue_type" : [ [ "X" ] ]
      },
      "sequencerRunName" : [ "111212_h1080_0086_AC045BACXX" ],
      "sequencerRunAttributes" : {
        "geo_instrument_run_id" : [ [ "866" ] ]
      },
      "laneName" : [ "111212_h1080_0086_AC045BACXX_lane_1" ],
      "laneAttributes" : {
        "geo_lane" : [ [ "1" ] ]
      },
      "iusTag" : [ "ATCACG" ],
      "iusAttributes" : { },
      "workflowName" : [ "CASAVA" ],
      "processingAlgorithm" : [ "BCLToFastq" ],
      "processingAttributes" : { },
      "fileMetaType" : [ "chemical/seq-na-fastq-gzip" ],
      "fileAttributes" : { },
      "fileId" : -1235046000
    }, {
      "studyTitle" : [ "Ovarian Brain Colon Exome Seq" ],
      "studyAttributes" : {
        "geo_lab_group_id" : [ [ "121" ] ]
      },
      "experimentName" : [ ],
      "experimentAttributes" : { },
      "sampleName" : [ "OBC_0001_Ov_X_PE_389_EX" ],
      "sampleAttributes" : {
        "geo_external_name" : [ [ "2161/2028" ] ],
        "geo_library_source_template_type" : [ [ "EX" ] ],
        "geo_nanodrop_concentration" : [ [ "367.6" ] ],
        "geo_organism" : [ [ "Homo sapiens" ] ],
        "geo_prep_kit" : [ [ "GA_multiplex" ] ],
        "geo_purpose" : [ [ "Library", "Stock" ] ],
        "geo_qubit_concentration" : [ [ "90.4" ] ],
        "geo_reaction_id" : [ [ "5581", "5773" ] ],
        "geo_receive_date" : [ [ "2011-11-08" ] ],
        "geo_run_id_and_position_and_slot" : [ [ "866_1_1", "889_1_1" ] ],
        "geo_str_result" : [ [ "Pass" ] ],
        "geo_targeted_resequencing" : [ [ "Agilent SureSelect ICGC/Sanger Exon" ] ],
        "geo_template_id" : [ [ "14996", "15004", "15014", "15686", "15687" ] ],
        "geo_template_type" : [ [ "Identity", "Illumina PE Library", "Illumina PE Library Seq", "gDNA" ] ],
        "geo_tissue_origin" : [ [ "Ov" ] ],
        "geo_tissue_type" : [ [ "X" ] ]
      },
      "sequencerRunName" : [ "111212_h1080_0086_AC045BACXX" ],
      "sequencerRunAttributes" : {
        "geo_instrument_run_id" : [ [ "866" ] ]
      },
      "laneName" : [ "111212_h1080_0086_AC045BACXX_lane_1" ],
      "laneAttributes" : {
        "geo_lane" : [ [ "1" ] ]
      },
      "iusTag" : [ "ATCACG" ],
      "iusAttributes" : { },
      "workflowName" : [ "CASAVA" ],
      "processingAlgorithm" : [ "BCLToFastq" ],
      "processingAttributes" : { },
      "fileMetaType" : [ "chemical/seq-na-fastq-gzip" ],
      "fileAttributes" : { },
      "fileId" : -1740604625
    } ]
  }, {
    "workflowIni" : {
      "fastqc" : "fastqc-0.11.5/fastqc",
      "java" : "jre1.7.0_51/bin/java",
      "manual_output" : "false",
      "metadata" : "metadata",
      "output_dir" : "seqware-results",
      "output_path" : "NA",
      "perl" : "perl-5.14.1/perl"
    },
    "files" : [ {
      "studyTitle" : [ "Ovarian Brain Colon Exome Seq" ],
      "studyAttributes" : {
        "geo_lab_group_id" : [ [ "121" ] ]
      },
      "experimentName" : [ ],
      "experimentAttributes" : { },
      "sampleName" : [ "OBC_0001_Ov_X_PE_389_EX" ],
      "sampleAttributes" : {
        "geo_external_name" : [ [ "2161/2028" ] ],
        "geo_library_source_template_type" : [ [ "EX" ] ],
        "geo_nanodrop_concentration" : [ [ "367.6" ] ],
        "geo_organism" : [ [ "Homo sapiens" ] ],
        "geo_prep_kit" : [ [ "GA_multiplex" ] ],
        "geo_purpose" : [ [ "Library", "Stock" ] ],
        "geo_qubit_concentration" : [ [ "90.4" ] ],
        "geo_reaction_id" : [ [ "5581", "5773" ] ],
        "geo_receive_date" : [ [ "2011-11-08" ] ],
        "geo_run_id_and_position_and_slot" : [ [ "866_1_1", "889_1_1" ] ],
        "geo_str_result" : [ [ "Pass" ] ],
        "geo_targeted_resequencing" : [ [ "Agilent SureSelect ICGC/Sanger Exon" ] ],
        "geo_template_id" : [ [ "14996", "15004", "15014", "15686", "15687" ] ],
        "geo_template_type" : [ [ "Identity", "Illumina PE Library", "Illumina PE Library Seq", "gDNA" ] ],
        "geo_tissue_origin" : [ [ "Ov" ] ],
        "geo_tissue_type" : [ [ "X" ] ]
      },
      "sequencerRunName" : [ "120106_h804_0076_AD0LFWACXX" ],
      "sequencerRunAttributes" : {
        "geo_instrument_run_id" : [ [ "889" ] ]
      },
      "laneName" : [ "120106_h804_0076_AD0LFWACXX_lane_1" ],
      "laneAttributes" : {
        "geo_lane" : [ [ "1" ] ]
      },
      "iusTag" : [ "ATCACG" ],
      "iusAttributes" : { },
      "workflowName" : [ "CASAVA" ],
      "processingAlgorithm" : [ "BCLToFastq" ],
      "processingAttributes" : { },
      "fileMetaType" : [ "chemical/seq-na-fastq-gzip" ],
      "fileAttributes" : { },
      "fileId" : 1477446441
    }, {
      "studyTitle" : [ "Ovarian Brain Colon Exome Seq" ],
      "studyAttributes" : {
        "geo_lab_group_id" : [ [ "121" ] ]
      },
      "experimentName" : [ ],
      "experimentAttributes" : { },
      "sampleName" : [ "OBC_0001_Ov_X_PE_389_EX" ],
      "sampleAttributes" : {
        "geo_external_name" : [ [ "2161/2028" ] ],
        "geo_library_source_template_type" : [ [ "EX" ] ],
        "geo_nanodrop_concentration" : [ [ "367.6" ] ],
        "geo_organism" : [ [ "Homo sapiens" ] ],
        "geo_prep_kit" : [ [ "GA_multiplex" ] ],
        "geo_purpose" : [ [ "Library", "Stock" ] ],
        "geo_qubit_concentration" : [ [ "90.4" ] ],
        "geo_reaction_id" : [ [ "5581", "5773" ] ],
        "geo_receive_date" : [ [ "2011-11-08" ] ],
        "geo_run_id_and_position_and_slot" : [ [ "866_1_1", "889_1_1" ] ],
        "geo_str_result" : [ [ "Pass" ] ],
        "geo_targeted_resequencing" : [ [ "Agilent SureSelect ICGC/Sanger Exon" ] ],
        "geo_template_id" : [ [ "14996", "15004", "15014", "15686", "15687" ] ],
        "geo_template_type" : [ [ "Identity", "Illumina PE Library", "Illumina PE Library Seq", "gDNA" ] ],
        "geo_tissue_origin" : [ [ "Ov" ] ],
        "geo_tissue_type" : [ [ "X" ] ]
      },
      "sequencerRunName" : [ "120106_h804_0076_AD0LFWACXX" ],
      "sequencerRunAttributes" : {
        "geo_instrument_run_id" : [ [ "889" ] ]
      },
      "laneName" : [ "120106_h804_0076_AD0LFWACXX_lane_1" ],
      "laneAttributes" : {
        "geo_lane" : [ [ "1" ] ]
      },
      "iusTag" : [ "ATCACG" ],
      "iusAttributes" : { },
      "workflowName" : [ "CASAVA" ],
      "processingAlgorithm" : [ "BCLToFastq" ],
      "processingAttributes" : { },
      "fileMetaType" : [ "chemical/seq-na-fastq-gzip" ],
      "fileAttributes" : { },
      "fileId" : 1983005066
    } ]
  }, {
    "workflowIni" : {
      "fastqc" : "fastqc-0.11.5/fastqc",
      "java" : "jre1.7.0_51/bin/java",
      "manual_output" : "false",
      "metadata" : "metadata",
      "output_dir" : "seqware-results",
      "output_path" : "NA",
      "perl" : "perl-5.14.1/perl"
    },
    "files" : [ {
      "studyTitle" : [ "Ovarian Brain Colon Exome Seq" ],
      "studyAttributes" : {
        "geo_lab_group_id" : [ [ "121" ] ]
      },
      "experimentName" : [ ],
      "experimentAttributes" : { },
      "sampleName" : [ "OBC_0001_nn_R_PE_388_EX" ],
      "sampleAttributes" : {
        "geo_external_name" : [ [ "2161/2028" ] ],
        "geo_library_source_template_type" : [ [ "EX" ] ],
        "geo_nanodrop_concentration" : [ [ "259.1" ] ],
        "geo_organism" : [ [ "Homo sapiens" ] ],
        "geo_prep_kit" : [ [ "GA_multiplex" ] ],
        "geo_purpose" : [ [ "Library", "Stock" ] ],
        "geo_qubit_concentration" : [ [ "93.2" ] ],
        "geo_reaction_id" : [ [ "5589", "5781" ] ],
        "geo_receive_date" : [ [ "2011-11-08" ] ],
        "geo_run_id_and_position_and_slot" : [ [ "866_5_1", "889_5_1" ] ],
        "geo_str_result" : [ [ "Pass" ] ],
        "geo_targeted_resequencing" : [ [ "Agilent SureSelect ICGC/Sanger Exon" ] ],
        "geo_template_id" : [ [ "14996", "15005", "15016", "15702", "15703" ] ],
        "geo_template_type" : [ [ "Identity", "Illumina PE Library", "Illumina PE Library Seq", "gDNA" ] ],
        "geo_tissue_origin" : [ [ "nn" ] ],
        "geo_tissue_type" : [ [ "R" ] ]
      },
      "sequencerRunName" : [ "111212_h1080_0086_AC045BACXX" ],
      "sequencerRunAttributes" : {
        "geo_instrument_run_id" : [ [ "866" ] ]
      },
      "laneName" : [ "111212_h1080_0086_AC045BACXX_lane_5" ],
      "laneAttributes" : {
        "geo_lane" : [ [ "5" ] ]
      },
      "iusTag" : [ "GATCAG" ],
      "iusAttributes" : { },
      "workflowName" : [ "CASAVA" ],
      "processingAlgorithm" : [ "BCLToFastq" ],
      "processingAttributes" : { },
      "fileMetaType" : [ "chemical/seq-na-fastq-gzip" ],
      "fileAttributes" : { },
      "fileId" : 319132695
    }, {
      "studyTitle" : [ "Ovarian Brain Colon Exome Seq" ],
      "studyAttributes" : {
        "geo_lab_group_id" : [ [ "121" ] ]
      },
      "experimentName" : [ ],
      "experimentAttributes" : { },
      "sampleName" : [ "OBC_0001_nn_R_PE_388_EX" ],
      "sampleAttributes" : {
        "geo_external_name" : [ [ "2161/2028" ] ],
        "geo_library_source_template_type" : [ [ "EX" ] ],
        "geo_nanodrop_concentration" : [ [ "259.1" ] ],
        "geo_organism" : [ [ "Homo sapiens" ] ],
        "geo_prep_kit" : [ [ "GA_multiplex" ] ],
        "geo_purpose" : [ [ "Library", "Stock" ] ],
        "geo_qubit_concentration" : [ [ "93.2" ] ],
        "geo_reaction_id" : [ [ "5589", "5781" ] ],
        "geo_receive_date" : [ [ "2011-11-08" ] ],
        "geo_run_id_and_position_and_slot" : [ [ "866_5_1", "889_5_1" ] ],
        "geo_str_result" : [ [ "Pass" ] ],
        "geo_targeted_resequencing" : [ [ "Agilent SureSelect ICGC/Sanger Exon" ] ],
        "geo_template_id" : [ [ "14996", "15005", "15016", "15702", "15703" ] ],
        "geo_template_type" : [ [ "Identity", "Illumina PE Library", "Illumina PE Library Seq", "gDNA" ] ],
        "geo_tissue_origin" : [ [ "nn" ] ],
        "geo_tissue_type" : [ [ "R" ] ]
      },
      "sequencerRunName" : [ "111212_h1080_0086_AC045BACXX" ],
      "sequencerRunAttributes" : {
        "geo_instrument_run_id" : [ [ "866" ] ]
      },
      "laneName" : [ "111212_h1080_0086_AC045BACXX_lane_5" ],
      "laneAttributes" : {
        "geo_lane" : [ [ "5" ] ]
      },
      "iusTag" : [ "GATCAG" ],
      "iusAttributes" : { },
      "workflowName" : [ "CASAVA" ],
      "processingAlgorithm" : [ "BCLToFastq" ],
      "processingAttributes" : { },
      "fileMetaType" : [ "chemical/seq-na-fastq-gzip" ],
      "fileAttributes" : { },
      "fileId" : 824691320
    } ]
  }, {
    "workflowIni" : {
      "fastqc" : "fastqc-0.11.5/fastqc",
      "java" : "jre1.7.0_51/bin/java",
      "manual_output" : "false",
      "metadata" : "metadata",
      "output_dir" : "seqware-results",
      "output_path" : "NA",
      "perl" : "perl-5.14.1/perl"
    },
    "files" : [ {
      "studyTitle" : [ "Ovarian Brain Colon Exome Seq" ],
      "studyAttributes" : {
        "geo_lab_group_id" : [ [ "121" ] ]
      },
      "experimentName" : [ ],
      "experimentAttributes" : { },
      "sampleName" : [ "OBC_0001_nn_R_PE_388_EX" ],
      "sampleAttributes" : {
        "geo_external_name" : [ [ "2161/2028" ] ],
        "geo_library_source_template_type" : [ [ "EX" ] ],
        "geo_nanodrop_concentration" : [ [ "259.1" ] ],
        "geo_organism" : [ [ "Homo sapiens" ] ],
        "geo_prep_kit" : [ [ "GA_multiplex" ] ],
        "geo_purpose" : [ [ "Library", "Stock" ] ],
        "geo_qubit_concentration" : [ [ "93.2" ] ],
        "geo_reaction_id" : [ [ "5589", "5781" ] ],
        "geo_receive_date" : [ [ "2011-11-08" ] ],
        "geo_run_id_and_position_and_slot" : [ [ "866_5_1", "889_5_1" ] ],
        "geo_str_result" : [ [ "Pass" ] ],
        "geo_targeted_resequencing" : [ [ "Agilent SureSelect ICGC/Sanger Exon" ] ],
        "geo_template_id" : [ [ "14996", "15005", "15016", "15702", "15703" ] ],
        "geo_template_type" : [ [ "Identity", "Illumina PE Library", "Illumina PE Library Seq", "gDNA" ] ],
        "geo_tissue_origin" : [ [ "nn" ] ],
        "geo_tissue_type" : [ [ "R" ] ]
      },
      "sequencerRunName" : [ "120106_h804_0076_AD0LFWACXX" ],
      "sequencerRunAttributes" : {
        "geo_instrument_run_id" : [ [ "889" ] ]
      },
      "laneName" : [ "120106_h804_0076_AD0LFWACXX_lane_5" ],
      "laneAttributes" : {
        "geo_lane" : [ [ "5" ] ]
      },
      "iusTag" : [ "GATCAG" ],
      "iusAttributes" : { },
      "workflowName" : [ "CASAVA" ],
      "processingAlgorithm" : [ "BCLToFastq" ],
      "processingAttributes" : { },
      "fileMetaType" : [ "chemical/seq-na-fastq-gzip" ],
      "fileAttributes" : { },
      "fileId" : -1080776008
    }, {
      "studyTitle" : [ "Ovarian Brain Colon Exome Seq" ],
      "studyAttributes" : {
        "geo_lab_group_id" : [ [ "121" ] ]
      },
      "experimentName" : [ ],
      "experimentAttributes" : { },
      "sampleName" : [ "OBC_0001_nn_R_PE_388_EX" ],
      "sampleAttributes" : {
        "geo_external_name" : [ [ "2161/2028" ] ],
        "geo_library_source_template_type" : [ [ "EX" ] ],
        "geo_nanodrop_concentration" : [ [ "259.1" ] ],
        "geo_organism" : [ [ "Homo sapiens" ] ],
        "geo_prep_kit" : [ [ "GA_multiplex" ] ],
        "geo_purpose" : [ [ "Library", "Stock" ] ],
        "geo_qubit_concentration" : [ [ "93.2" ] ],
        "geo_reaction_id" : [ [ "5589", "5781" ] ],
        "geo_receive_date" : [ [ "2011-11-08" ] ],
        "geo_run_id_and_position_and_slot" : [ [ "866_5_1", "889_5_1" ] ],
        "geo_str_result" : [ [ "Pass" ] ],
        "geo_targeted_resequencing" : [ [ "Agilent SureSelect ICGC/Sanger Exon" ] ],
        "geo_template_id" : [ [ "14996", "15005", "15016", "15702", "15703" ] ],
        "geo_template_type" : [ [ "Identity", "Illumina PE Library", "Illumina PE Library Seq", "gDNA" ] ],
        "geo_tissue_origin" : [ [ "nn" ] ],
        "geo_tissue_type" : [ [ "R" ] ]
      },
      "sequencerRunName" : [ "120106_h804_0076_AD0LFWACXX" ],
      "sequencerRunAttributes" : {
        "geo_instrument_run_id" : [ [ "889" ] ]
      },
      "laneName" : [ "120106_h804_0076_AD0LFWACXX_lane_5" ],
      "laneAttributes" : {
        "geo_lane" : [ [ "5" ] ]
      },
      "iusTag" : [ "GATCAG" ],
      "iusAttributes" : { },
      "workflowName" : [ "CASAVA" ],
      "processingAlgorithm" : [ "BCLToFastq" ],
      "processingAttributes" : { },
      "fileMetaType" : [ "chemical/seq-na-fastq-gzip" ],
      "fileAttributes" : { },
      "fileId" : -1586334633
    } ]
  } ]
}