{
  "workflowRunCount" : 8,
  "studies" : [ "SingleCellSeq" ],
  "sequencerRuns" : [ "120912_h804_0094_BD181GACXX" ],
  "lanes" : [ "120912_h804_0094_BD181GACXX_lane_1", "120912_h804_0094_BD181GACXX_lane_2", "120912_h804_0094_BD181GACXX_lane_3", "120912_h804_0094_BD181GACXX_lane_4", "120912_h804_0094_BD181GACXX_lane_5", "120912_h804_0094_BD181GACXX_lane_6", "120912_h804_0094_BD181GACXX_lane_7", "120912_h804_0094_BD181GACXX_lane_8" ],
  "samples" : [ "SCS_0006_nn_n_PE_300_WG", "SCS_0007_nn_n_PE_300_WG", "SCS_0008_nn_n_PE_300_WG" ],
  "workflows" : [ "CASAVA-RTA" ],
  "processingAlgorithms" : [ "BCLToFastq" ],
  "fileMetaTypes" : [ "chemical/seq-na-fastq-gzip" ],
  "maxInputFiles" : 2,
  "minInputFiles" : 2,
  "totalInputFiles" : 16,
  "workflowRuns" : [ {
    "workflowIni" : {
      "fastqc" : "fastqc-0.11.5/fastqc",
      "java" : "jre1.7.0_51/bin/java",
      "manual_output" : "false",
      "metadata" : "metadata",
      "output_dir" : "seqware-results",
      "output_path" : "NA",
      "perl" : "perl-5.14.1/perl"
    },
    "files" : [ {
      "studyTitle" : [ "SingleCellSeq" ],
      "studyAttributes" : {
        "geo_lab_group_id" : [ [ "138" ] ]
      },
      "experimentName" : [ ],
      "experimentAttributes" : { },
      "sampleName" : [ "SCS_0006_nn_n_PE_300_WG" ],
      "sampleAttributes" : {
        "geo_external_name" : [ [ "G3.1-10_H" ] ],
        "geo_library_source_template_type" : [ [ "WG" ] ],
        "geo_organism" : [ [ "Homo sapiens" ] ],
        "geo_prep_kit" : [ [ "GA_multiplex" ] ],
        "geo_reaction_id" : [ [ "7122", "7489", "7490", "7491" ] ],
        "geo_run_id_and_position_and_slot" : [ [ "1068_6_1", "1130_1_2", "1130_2_2", "1130_3_2" ] ],
        "geo_template_id" : [ [ "21539", "21557", "21558" ] ],
        "geo_template_type" : [ [ "Identity", "Illumina PE Library", "Illumina PE Library Seq" ] ],
        "geo_tissue_origin" : [ [ "nn" ] ],
        "geo_tissue_type" : [ [ "n" ] ]
      },
      "sequencerRunName" : [ "120912_h804_0094_BD181GACXX" ],
      "sequencerRunAttributes" : {
        "geo_instrument_run_id" : [ [ "1130" ] ]
      },
      "laneName" : [ "120912_h804_0094_BD181GACXX_lane_1" ],
      "laneAttributes" : {
        "geo_lane" : [ [ "1" ] ]
      },
      "iusTag" : [ "NoIndex" ],
      "iusAttributes" : { },
      "workflowName" : [ "CASAVA-RTA" ],
      "processingAlgorithm" : [ "BCLToFastq" ],
      "processingAttributes" : { },
      "fileMetaType" : [ "chemical/seq-na-fastq-gzip" ],
      "fileAttributes" : { },
      "fileId" : -1604762184
    }, {
      "studyTitle" : [ "SingleCellSeq" ],
      "studyAttributes" : {
        "geo_lab_group_id" : [ [ "138" ] ]
      },
      "experimentName" : [ ],
      "experimentAttributes" : { },
      "sampleName" : [ "SCS_0006_nn_n_PE_300_WG" ],
      "sampleAttributes" : {
        "geo_external_name" : [ [ "G3.1-10_H" ] ],
        "geo_library_source_template_type" : [ [ "WG" ] ],
        "geo_organism" : [ [ "Homo sapiens" ] ],
        "geo_prep_kit" : [ [ "GA_multiplex" ] ],
        "geo_reaction_id" : [ [ "7122", "7489", "7490", "7491" ] ],
        "geo_run_id_and_position_and_slot" : [ [ "1068_6_1", "1130_1_2", "1130_2_2", "1130_3_2" ] ],
        "geo_template_id" : [ [ "21539", "21557", "21558" ] ],
        "geo_template_type" : [ [ "Identity", "Illumina PE Library", "Illumina PE Library Seq" ] ],
        "geo_tissue_origin" : [ [ "nn" ] ],
        "geo_tissue_type" : [ [ "n" ] ]
      },
      "sequencerRunName" : [ "120912_h804_0094_BD181GACXX" ],
      "sequencerRunAttributes" : {
        "geo_instrument_run_id" : [ [ "1130" ] ]
      },
      "laneName" : [ "120912_h804_0094_BD181GACXX_lane_1" ],
      "laneAttributes" : {
        "geo_lane" : [ [ "1" ] ]
      },
      "iusTag" : [ "NoIndex" ],
      "iusAttributes" : { },
      "workflowName" : [ "CASAVA-RTA" ],
      "processingAlgorithm" : [ "BCLToFastq" ],
      "processingAttributes" : { },
      "fileMetaType" : [ "chemical/seq-na-fastq-gzip" ],
      "fileAttributes" : { },
      "fileId" : -2110320809
    } ]
  }, {
    "workflowIni" : {
      "fastqc" : "fastqc-0.11.5/fastqc",
      "java" : "jre1.7.0_51/bin/java",
      "manual_output" : "false",
      "metadata" : "metadata",
      "output_dir" : "seqware-results",
      "output_path" : "NA",
      "perl" : "perl-5.14.1/perl"
    },
    "files" : [ {
      "studyTitle" : [ "SingleCellSeq" ],
      "studyAttributes" : {
        "geo_lab_group_id" : [ [ "138" ] ]
      },
      "experimentName" : [ ],
      "experimentAttributes" : { },
      "sampleName" : [ "SCS_0006_nn_n_PE_300_WG" ],
      "sampleAttributes" : {
        "geo_external_name" : [ [ "G3.1-10_H" ] ],
        "geo_library_source_template_type" : [ [ "WG" ] ],
        "geo_organism" : [ [ "Homo sapiens" ] ],
        "geo_prep_kit" : [ [ "GA_multiplex" ] ],
        "geo_reaction_id" : [ [ "7122", "7489", "7490", "7491" ] ],
        "geo_run_id_and_position_and_slot" : [ [ "1068_6_1", "1130_1_2", "1130_2_2", "1130_3_2" ] ],
        "geo_template_id" : [ [ "21539", "21557", "21558" ] ],
        "geo_template_type" : [ [ "Identity", "Illumina PE Library", "Illumina PE Library Seq" ] ],
        "geo_tissue_origin" : [ [ "nn" ] ],
        "geo_tissue_type" : [ [ "n" ] ]
      },
      "sequencerRunName" : [ "120912_h804_0094_BD181GACXX" ],
      "sequencerRunAttributes" : {
        "geo_instrument_run_id" : [ [ "1130" ] ]
      },
      "laneName" : [ "120912_h804_0094_BD181GACXX_lane_2" ],
      "laneAttributes" : {
        "geo_lane" : [ [ "2" ] ]
      },
      "iusTag" : [ "NoIndex" ],
      "iusAttributes" : { },
      "workflowName" : [ "CASAVA-RTA" ],
      "processingAlgorithm" : [ "BCLToFastq" ],
      "processingAttributes" : { },
      "fileMetaType" : [ "chemical/seq-na-fastq-gzip" ],
      "fileAttributes" : { },
      "fileId" : -192144100
    }, {
      "studyTitle" : [ "SingleCellSeq" ],
      "studyAttributes" : {
        "geo_lab_group_id" : [ [ "138" ] ]
      },
      "experimentName" : [ ],
      "experimentAttributes" : { },
      "sampleName" : [ "SCS_0006_nn_n_PE_300_WG" ],
      "sampleAttributes" : {
        "geo_external_name" : [ [ "G3.1-10_H" ] ],
        "geo_library_source_template_type" : [ [ "WG" ] ],
        "geo_organism" : [ [ "Homo sapiens" ] ],
        "geo_prep_kit" : [ [ "GA_multiplex" ] ],
        "geo_reaction_id" : [ [ "7122", "7489", "7490", "7491" ] ],
        "geo_run_id_and_position_and_slot" : [ [ "1068_6_1", "1130_1_2", "1130_2_2", "1130_3_2" ] ],
        "geo_template_id" : [ [ "21539", "21557", "21558" ] ],
        "geo_template_type" : [ [ "Identity", "Illumina PE Library", "Illumina PE Library Seq" ] ],
        "geo_tissue_origin" : [ [ "nn" ] ],
        "geo_tissue_type" : [ [ "n" ] ]
      },
      "sequencerRunName" : [ "120912_h804_0094_BD181GACXX" ],
      "sequencerRunAttributes" : {
        "geo_instrument_run_id" : [ [ "1130" ] ]
      },
      "laneName" : [ "120912_h804_0094_BD181GACXX_lane_2" ],
      "laneAttributes" : {
        "geo_lane" : [ [ "2" ] ]
      },
      "iusTag" : [ "NoIndex" ],
      "iusAttributes" : { },
      "workflowName" : [ "CASAVA-RTA" ],
      "processingAlgorithm" : [ "BCLToFastq" ],
      "processingAttributes" : { },
      "fileMetaType" : [ "chemical/seq-na-fastq-gzip" ],
      "fileAttributes" : { },
      "fileId" : -697702725
    } ]
  }, {
    "workflowIni" : {
      "fastqc" : "fastqc-0.11.5/fastqc",
      "java" : "jre1.7.0_51/bin/java",
      "manual_output" : "false",
      "metadata" : "metadata",
      "output_dir" : "seqware-results",
      "output_path" : "NA",
      "perl" : "perl-5.14.1/perl"
    },
    "files" : [ {
      "studyTitle" : [ "SingleCellSeq" ],
      "studyAttributes" : {
        "geo_lab_group_id" : [ [ "138" ] ]
      },
      "experimentName" : [ ],
      "experimentAttributes" : { },
      "sampleName" : [ "SCS_0006_nn_n_PE_300_WG" ],
      "sampleAttributes" : {
        "geo_external_name" : [ [ "G3.1-10_H" ] ],
        "geo_library_source_template_type" : [ [ "WG" ] ],
        "geo_organism" : [ [ "Homo sapiens" ] ],
        "geo_prep_kit" : [ [ "GA_multiplex" ] ],
        "geo_reaction_id" : [ [ "7122", "7489", "7490", "7491" ] ],
        "geo_run_id_and_position_and_slot" : [ [ "1068_6_1", "1130_1_2", "1130_2_2", "1130_3_2" ] ],
        "geo_template_id" : [ [ "21539", "21557", "21558" ] ],
        "geo_template_type" : [ [ "Identity", "Illumina PE Library", "Illumina PE Library Seq" ] ],
        "geo_tissue_origin" : [ [ "nn" ] ],
        "geo_tissue_type" : [ [ "n" ] ]
      },
      "sequencerRunName" : [ "120912_h804_0094_BD181GACXX" ],
      "sequencerRunAttributes" : {
        "geo_instrument_run_id" : [ [ "1130" ] ]
      },
      "laneName" : [ "120912_h804_0094_BD181GACXX_lane_3" ],
      "laneAttributes" : {
        "geo_lane" : [ [ "3" ] ]
      },
      "iusTag" : [ "NoIndex" ],
      "iusAttributes" : { },
      "workflowName" : [ "CASAVA-RTA" ],
      "processingAlgorithm" : [ "BCLToFastq" ],
      "processingAttributes" : { },
      "fileMetaType" : [ "chemical/seq-na-fastq-gzip" ],
      "fileAttributes" : { },
      "fileId" : -1337105558
    }, {
      "studyTitle" : [ "SingleCellSeq" ],
      "studyAttributes" : {
        "geo_lab_group_id" : [ [ "138" ] ]
      },
      "experimentName" : [ ],
      "experimentAttributes" : { },
      "sampleName" : [ "SCS_0006_nn_n_PE_300_WG" ],
      "sampleAttributes" : {
        "geo_external_name" : [ [ "G3.1-10_H" ] ],
        "geo_library_source_template_type" : [ [ "WG" ] ],
        "geo_organism" : [ [ "Homo sapiens" ] ],
        "geo_prep_kit" : [ [ "GA_multiplex" ] ],
        "geo_reaction_id" : [ [ "7122", "7489", "7490", "7491" ] ],
        "geo_run_id_and_position_and_slot" : [ [ "1068_6_1", "1130_1_2", "1130_2_2", "1130_3_2" ] ],
        "geo_template_id" : [ [ "21539", "21557", "21558" ] ],
        "geo_template_type" : [ [ "Identity", "Illumina PE Library", "Illumina PE Library Seq" ] ],
        "geo_tissue_origin" : [ [ "nn" ] ],
        "geo_tissue_type" : [ [ "n" ] ]
      },
      "sequencerRunName" : [ "120912_h804_0094_BD181GACXX" ],
      "sequencerRunAttributes" : {
        "geo_instrument_run_id" : [ [ "1130" ] ]
      },
      "laneName" : [ "120912_h804_0094_BD181GACXX_lane_3" ],
      "laneAttributes" : {
        "geo_lane" : [ [ "3" ] ]
      },
      "iusTag" : [ "NoIndex" ],
      "iusAttributes" : { },
      "workflowName" : [ "CASAVA-RTA" ],
      "processingAlgorithm" : [ "BCLToFastq" ],
      "processingAttributes" : { },
      "fileMetaType" : [ "chemical/seq-na-fastq-gzip" ],
      "fileAttributes" : { },
      "fileId" : -1842664183
    } ]
  }, {
    "workflowIni" : {
      "fastqc" : "fastqc-0.11.5/fastqc",
      "java" : "jre1.7.0_51/bin/java",
      "manual_output" : "false",
      "metadata" : "metadata",
      "output_dir" : "seqware-results",
      "output_path" : "NA",
      "perl" : "perl-5.14.1/perl"
    },
    "files" : [ {
      "studyTitle" : [ "SingleCellSeq" ],
      "studyAttributes" : {
        "geo_lab_group_id" : [ [ "138" ] ]
      },
      "experimentName" : [ ],
      "experimentAttributes" : { },
      "sampleName" : [ "SCS_0007_nn_n_PE_300_WG" ],
      "sampleAttributes" : {
        "geo_external_name" : [ [ "G0" ] ],
        "geo_library_source_template_type" : [ [ "WG" ] ],
        "geo_organism" : [ [ "Homo sapiens" ] ],
        "geo_prep_kit" : [ [ "GA_multiplex" ] ],
        "geo_reaction_id" : [ [ "7134", "7492", "7493", "7494" ] ],
        "geo_run_id_and_position_and_slot" : [ [ "1070_6_1", "1130_4_2", "1130_5_2", "1130_6_2" ] ],
        "geo_template_id" : [ [ "21540", "21559", "21560" ] ],
        "geo_template_type" : [ [ "Identity", "Illumina PE Library", "Illumina PE Library Seq" ] ],
        "geo_tissue_origin" : [ [ "nn" ] ],
        "geo_tissue_type" : [ [ "n" ] ]
      },
      "sequencerRunName" : [ "120912_h804_0094_BD181GACXX" ],
      "sequencerRunAttributes" : {
        "geo_instrument_run_id" : [ [ "1130" ] ]
      },
      "laneName" : [ "120912_h804_0094_BD181GACXX_lane_4" ],
      "laneAttributes" : {
        "geo_lane" : [ [ "4" ] ]
      },
      "iusTag" : [ "NoIndex" ],
      "iusAttributes" : { },
      "workflowName" : [ "CASAVA-RTA" ],
      "processingAlgorithm" : [ "BCLToFastq" ],
      "processingAttributes" : { },
      "fileMetaType" : [ "chemical/seq-na-fastq-gzip" ],
      "fileAttributes" : { },
      "fileId" : -1087791397
    }, {
      "studyTitle" : [ "SingleCellSeq" ],
      "studyAttributes" : {
        "geo_lab_group_id" : [ [ "138" ] ]
      },
      "experimentName" : [ ],
      "experimentAttributes" : { },
      "sampleName" : [ "SCS_0007_nn_n_PE_300_WG" ],
      "sampleAttributes" : {
        "geo_external_name" : [ [ "G0" ] ],
        "geo_library_source_template_type" : [ [ "WG" ] ],
        "geo_organism" : [ [ "Homo sapiens" ] ],
        "geo_prep_kit" : [ [ "GA_multiplex" ] ],
        "geo_reaction_id" : [ [ "7134", "7492", "7493", "7494" ] ],
        "geo_run_id_and_position_and_slot" : [ [ "1070_6_1", "1130_4_2", "1130_5_2", "1130_6_2" ] ],
        "geo_template_id" : [ [ "21540", "21559", "21560" ] ],
        "geo_template_type" : [ [ "Identity", "Illumina PE Library", "Illumina PE Library Seq" ] ],
        "geo_tissue_origin" : [ [ "nn" ] ],
        "geo_tissue_type" : [ [ "n" ] ]
      },
      "sequencerRunName" : [ "120912_h804_0094_BD181GACXX" ],
      "sequencerRunAttributes" : {
        "geo_instrument_run_id" : [ [ "1130" ] ]
      },
      "laneName" : [ "120912_h804_0094_BD181GACXX_lane_4" ],
      "laneAttributes" : {
        "geo_lane" : [ [ "4" ] ]
      },
      "iusTag" : [ "NoIndex" ],
      "iusAttributes" : { },
      "workflowName" : [ "CASAVA-RTA" ],
      "processingAlgorithm" : [ "BCLToFastq" ],
      "processingAttributes" : { },
      "fileMetaType" : [ "chemical/seq-na-fastq-gzip" ],
      "fileAttributes" : { },
      "fileId" : -582232772
    } ]
  }, {
    "workflowIni" : {
      "fastqc" : "fastqc-0.11.5/fastqc",
      "java" : "jre1.7.0_51/bin/java",
      "manual_output" : "false",
      "metadata" : "metadata",
      "output_dir" : "seqware-results",
      "output_path" : "NA",
      "perl" : "perl-5.14.1/perl"
    },
    "files" : [ {
      "studyTitle" : [ "SingleCellSeq" ],
      "studyAttributes" : {
        "geo_lab_group_id" : [ [ "138" ] ]
      },
      "experimentName" : [ ],
      "experimentAttributes" : { },
      "sampleName" : [ "SCS_0007_nn_n_PE_300_WG" ],
      "sampleAttributes" : {
        "geo_external_name" : [ [ "G0" ] ],
        "geo_library_source_template_type" : [ [ "WG" ] ],
        "geo_organism" : [ [ "Homo sapiens" ] ],
        "geo_prep_kit" : [ [ "GA_multiplex" ] ],
        "geo_reaction_id" : [ [ "7134", "7492", "7493", "7494" ] ],
        "geo_run_id_and_position_and_slot" : [ [ "1070_6_1", "1130_4_2", "1130_5_2", "1130_6_2" ] ],
        "geo_template_id" : [ [ "21540", "21559", "21560" ] ],
        "geo_template_type" : [ [ "Identity", "Illumina PE Library", "Illumina PE Library Seq" ] ],
        "geo_tissue_origin" : [ [ "nn" ] ],
        "geo_tissue_type" : [ [ "n" ] ]
      },
      "sequencerRunName" : [ "120912_h804_0094_BD181GACXX" ],
      "sequencerRunAttributes" : {
        "geo_instrument_run_id" : [ [ "1130" ] ]
      },
      "laneName" : [ "120912_h804_0094_BD181GACXX_lane_5" ],
      "laneAttributes" : {
        "geo_lane" : [ [ "5" ] ]
      },
      "iusTag" : [ "NoIndex" ],
      "iusAttributes" : { },
      "workflowName" : [ "CASAVA-RTA" ],
      "processingAlgorithm" : [ "BCLToFastq" ],
      "processingAttributes" : { },
      "fileMetaType" : [ "chemical/seq-na-fastq-gzip" ],
      "fileAttributes" : { },
      "fileId" : 324826687
    }, {
      "studyTitle" : [ "SingleCellSeq" ],
      "studyAttributes" : {
        "geo_lab_group_id" : [ [ "138" ] ]
      },
      "experimentName" : [ ],
      "experimentAttributes" : { },
      "sampleName" : [ "SCS_0007_nn_n_PE_300_WG" ],
      "sampleAttributes" : {
        "geo_external_name" : [ [ "G0" ] ],
        "geo_library_source_template_type" : [ [ "WG" ] ],
        "geo_organism" : [ [ "Homo sapiens" ] ],
        "geo_prep_kit" : [ [ "GA_multiplex" ] ],
        "geo_reaction_id" : [ [ "7134", "7492", "7493", "7494" ] ],
        "geo_run_id_and_position_and_slot" : [ [ "1070_6_1", "1130_4_2", "1130_5_2", "1130_6_2" ] ],
        "geo_template_id" : [ [ "21540", "21559", "21560" ] ],
        "geo_template_type" : [ [ "Identity", "Illumina PE Library", "Illumina PE Library Seq" ] ],
        "geo_tissue_origin" : [ [ "nn" ] ],
        "geo_tissue_type" : [ [ "n" ] ]
      },
      "sequencerRunName" : [ "120912_h804_0094_BD181GACXX" ],
      "sequencerRunAttributes" : {
        "geo_instrument_run_id" : [ [ "1130" ] ]
      },
      "laneName" : [ "120912_h804_0094_BD181GACXX_lane_5" ],
      "laneAttributes" : {
        "geo_lane" : [ [ "5" ] ]
      },
      "iusTag" : [ "NoIndex" ],
      "iusAttributes" : { },
      "workflowName" : [ "CASAVA-RTA" ],
      "processingAlgorithm" : [ "BCLToFastq" ],
      "processingAttributes" : { },
      "fileMetaType" : [ "chemical/seq-na-fastq-gzip" ],
      "fileAttributes" : { },
      "fileId" : 830385312
    } ]
  }, {
    "workflowIni" : {
      "fastqc" : "fastqc-0.11.5/fastqc",
      "java" : "jre1.7.0_51/bin/java",
      "manual_output" : "false",
      "metadata" : "metadata",
      "output_dir" : "seqware-results",
      "output_path" : "NA",
      "perl" : "perl-5.14.1/perl"
    },
    "files" : [ {
      "studyTitle" : [ "SingleCellSeq" ],
      "studyAttributes" : {
        "geo_lab_group_id" : [ [ "138" ] ]
      },
      "experimentName" : [ ],
      "experimentAttributes" : { },
      "sampleName" : [ "SCS_0007_nn_n_PE_300_WG" ],
      "sampleAttributes" : {
        "geo_external_name" : [ [ "G0" ] ],
        "geo_library_source_template_type" : [ [ "WG" ] ],
        "geo_organism" : [ [ "Homo sapiens" ] ],
        "geo_prep_kit" : [ [ "GA_multiplex" ] ],
        "geo_reaction_id" : [ [ "7134", "7492", "7493", "7494" ] ],
        "geo_run_id_and_position_and_slot" : [ [ "1070_6_1", "1130_4_2", "1130_5_2", "1130_6_2" ] ],
        "geo_template_id" : [ [ "21540", "21559", "21560" ] ],
        "geo_template_type" : [ [ "Identity", "Illumina PE Library", "Illumina PE Library Seq" ] ],
        "geo_tissue_origin" : [ [ "nn" ] ],
        "geo_tissue_type" : [ [ "n" ] ]
      },
      "sequencerRunName" : [ "120912_h804_0094_BD181GACXX" ],
      "sequencerRunAttributes" : {
        "geo_instrument_run_id" : [ [ "1130" ] ]
      },
      "laneName" : [ "120912_h804_0094_BD181GACXX_lane_6" ],
      "laneAttributes" : {
        "geo_lane" : [ [ "6" ] ]
      },
      "iusTag" : [ "NoIndex" ],
      "iusAttributes" : { },
      "workflowName" : [ "CASAVA-RTA" ],
      "processingAlgorithm" : [ "BCLToFastq" ],
      "processingAttributes" : { },
      "fileMetaType" : [ "chemical/seq-na-fastq-gzip" ],
      "fileAttributes" : { },
      "fileId" : -2051963900
    }, {
      "studyTitle" : [ "SingleCellSeq" ],
      "studyAttributes" : {
        "geo_lab_group_id" : [ [ "138" ] ]
      },
      "experimentName" : [ ],
      "experimentAttributes" : { },
      "sampleName" : [ "SCS_0007_nn_n_PE_300_WG" ],
      "sampleAttributes" : {
        "geo_external_name" : [ [ "G0" ] ],
        "geo_library_source_template_type" : [ [ "WG" ] ],
        "geo_organism" : [ [ "Homo sapiens" ] ],
        "geo_prep_kit" : [ [ "GA_multiplex" ] ],
        "geo_reaction_id" : [ [ "7134", "7492", "7493", "7494" ] ],
        "geo_run_id_and_position_and_slot" : [ [ "1070_6_1", "1130_4_2", "1130_5_2", "1130_6_2" ] ],
        "geo_template_id" : [ [ "21540", "21559", "21560" ] ],
        "geo_template_type" : [ [ "Identity", "Illumina PE Library", "Illumina PE Library Seq" ] ],
        "geo_tissue_origin" : [ [ "nn" ] ],
        "geo_tissue_type" : [ [ "n" ] ]
      },
      "sequencerRunName" : [ "120912_h804_0094_BD181GACXX" ],
      "sequencerRunAttributes" : {
        "geo_instrument_run_id" : [ [ "1130" ] ]
      },
      "laneName" : [ "120912_h804_0094_BD181GACXX_lane_6" ],
      "laneAttributes" : {
        "geo_lane" : [ [ "6" ] ]
      },
      "iusTag" : [ "NoIndex" ],
      "iusAttributes" : { },
      "workflowName" : [ "CASAVA-RTA" ],
      "processingAlgorithm" : [ "BCLToFastq" ],
      "processingAttributes" : { },
      "fileMetaType" : [ "chemical/seq-na-fastq-gzip" ],
      "fileAttributes" : { },
      "fileId" : 1737444771
    } ]
  }, {
    "workflowIni" : {
      "fastqc" : "fastqc-0.11.5/fastqc",
      "java" : "jre1.7.0_51/bin/java",
      "manual_output" : "false",
      "metadata" : "metadata",
      "output_dir" : "seqware-results",
      "output_path" : "NA",
      "perl" : "perl-5.14.1/perl"
    },
    "files" : [ {
      "studyTitle" : [ "SingleCellSeq" ],
      "studyAttributes" : {
        "geo_lab_group_id" : [ [ "138" ] ]
      },
      "experimentName" : [ ],
      "experimentAttributes" : { },
      "sampleName" : [ "SCS_0008_nn_n_PE_300_WG" ],
      "sampleAttributes" : {
        "geo_external_name" : [ [ "G2.5" ] ],
        "geo_library_source_template_type" : [ [ "WG" ] ],
        "geo_organism" : [ [ "Homo sapiens" ] ],
        "geo_prep_kit" : [ [ "GA_multiplex" ] ],
        "geo_reaction_id" : [ [ "7135", "7495", "7496" ] ],
        "geo_run_id_and_position_and_slot" : [ [ "1070_7_1", "1130_7_2", "1130_8_2" ] ],
        "geo_template_id" : [ [ "21541", "21561", "21562" ] ],
        "geo_template_type" : [ [ "Identity", "Illumina PE Library", "Illumina PE Library Seq" ] ],
        "geo_tissue_origin" : [ [ "nn" ] ],
        "geo_tissue_type" : [ [ "n" ] ]
      },
      "sequencerRunName" : [ "120912_h804_0094_BD181GACXX" ],
      "sequencerRunAttributes" : {
        "geo_instrument_run_id" : [ [ "1130" ] ]
      },
      "laneName" : [ "120912_h804_0094_BD181GACXX_lane_7" ],
      "laneAttributes" : {
        "geo_lane" : [ [ "7" ] ]
      },
      "iusTag" : [ "NoIndex" ],
      "iusAttributes" : { },
      "workflowName" : [ "CASAVA-RTA" ],
      "processingAlgorithm" : [ "BCLToFastq" ],
      "processingAttributes" : { },
      "fileMetaType" : [ "chemical/seq-na-fastq-gzip" ],
      "fileAttributes" : { },
      "fileId" : -1560043158
    }, {
      "studyTitle" : [ "SingleCellSeq" ],
      "studyAttributes" : {
        "geo_lab_group_id" : [ [ "138" ] ]
      },
      "experimentName" : [ ],
      "experimentAttributes" : { },
      "sampleName" : [ "SCS_0008_nn_n_PE_300_WG" ],
      "sampleAttributes" : {
        "geo_external_name" : [ [ "G2.5" ] ],
        "geo_library_source_template_type" : [ [ "WG" ] ],
        "geo_organism" : [ [ "Homo sapiens" ] ],
        "geo_prep_kit" : [ [ "GA_multiplex" ] ],
        "geo_reaction_id" : [ [ "7135", "7495", "7496" ] ],
        "geo_run_id_and_position_and_slot" : [ [ "1070_7_1", "1130_7_2", "1130_8_2" ] ],
        "geo_template_id" : [ [ "21541", "21561", "21562" ] ],
        "geo_template_type" : [ [ "Identity", "Illumina PE Library", "Illumina PE Library Seq" ] ],
        "geo_tissue_origin" : [ [ "nn" ] ],
        "geo_tissue_type" : [ [ "n" ] ]
      },
      "sequencerRunName" : [ "120912_h804_0094_BD181GACXX" ],
      "sequencerRunAttributes" : {
        "geo_instrument_run_id" : [ [ "1130" ] ]
      },
      "laneName" : [ "120912_h804_0094_BD181GACXX_lane_7" ],
      "laneAttributes" : {
        "geo_lane" : [ [ "7" ] ]
      },
      "iusTag" : [ "NoIndex" ],
      "iusAttributes" : { },
      "workflowName" : [ "CASAVA-RTA" ],
      "processingAlgorithm" : [ "BCLToFastq" ],
      "processingAttributes" : { },
      "fileMetaType" : [ "chemical/seq-na-fastq-gzip" ],
      "fileAttributes" : { },
      "fileId" : -2065601783
    } ]
  }, {
    "workflowIni" : {
      "fastqc" : "fastqc-0.11.5/fastqc",
      "java" : "jre1.7.0_51/bin/java",
      "manual_output" : "false",
      "metadata" : "metadata",
      "output_dir" : "seqware-results",
      "output_path" : "NA",
      "perl" : "perl-5.14.1/perl"
    },
    "files" : [ {
      "studyTitle" : [ "SingleCellSeq" ],
      "studyAttributes" : {
        "geo_lab_group_id" : [ [ "138" ] ]
      },
      "experimentName" : [ ],
      "experimentAttributes" : { },
      "sampleName" : [ "SCS_0008_nn_n_PE_300_WG" ],
      "sampleAttributes" : {
        "geo_external_name" : [ [ "G2.5" ] ],
        "geo_library_source_template_type" : [ [ "WG" ] ],
        "geo_organism" : [ [ "Homo sapiens" ] ],
        "geo_prep_kit" : [ [ "GA_multiplex" ] ],
        "geo_reaction_id" : [ [ "7135", "7495", "7496" ] ],
        "geo_run_id_and_position_and_slot" : [ [ "1070_7_1", "1130_7_2", "1130_8_2" ] ],
        "geo_template_id" : [ [ "21541", "21561", "21562" ] ],
        "geo_template_type" : [ [ "Identity", "Illumina PE Library", "Illumina PE Library Seq" ] ],
        "geo_tissue_origin" : [ [ "nn" ] ],
        "geo_tissue_type" : [ [ "n" ] ]
      },
      "sequencerRunName" : [ "120912_h804_0094_BD181GACXX" ],
      "sequencerRunAttributes" : {
        "geo_instrument_run_id" : [ [ "1130" ] ]
      },
      "laneName" : [ "120912_h804_0094_BD181GACXX_lane_8" ],
      "laneAttributes" : {
        "geo_lane" : [ [ "8" ] ]
      },
      "iusTag" : [ "NoIndex" ],
      "iusAttributes" : { },
      "workflowName" : [ "CASAVA-RTA" ],
      "processingAlgorithm" : [ "BCLToFastq" ],
      "processingAttributes" : { },
      "fileMetaType" : [ "chemical/seq-na-fastq-gzip" ],
      "fileAttributes" : { },
      "fileId" : -147425074
    }, {
      "studyTitle" : [ "SingleCellSeq" ],
      "studyAttributes" : {
        "geo_lab_group_id" : [ [ "138" ] ]
      },
      "experimentName" : [ ],
      "experimentAttributes" : { },
      "sampleName" : [ "SCS_0008_nn_n_PE_300_WG" ],
      "sampleAttributes" : {
        "geo_external_name" : [ [ "G2.5" ] ],
        "geo_library_source_template_type" : [ [ "WG" ] ],
        "geo_organism" : [ [ "Homo sapiens" ] ],
        "geo_prep_kit" : [ [ "GA_multiplex" ] ],
        "geo_reaction_id" : [ [ "7135", "7495", "7496" ] ],
        "geo_run_id_and_position_and_slot" : [ [ "1070_7_1", "1130_7_2", "1130_8_2" ] ],
        "geo_template_id" : [ [ "21541", "21561", "21562" ] ],
        "geo_template_type" : [ [ "Identity", "Illumina PE Library", "Illumina PE Library Seq" ] ],
        "geo_tissue_origin" : [ [ "nn" ] ],
        "geo_tissue_type" : [ [ "n" ] ]
      },
      "sequencerRunName" : [ "120912_h804_0094_BD181GACXX" ],
      "sequencerRunAttributes" : {
        "geo_instrument_run_id" : [ [ "1130" ] ]
      },
      "laneName" : [ "120912_h804_0094_BD181GACXX_lane_8" ],
      "laneAttributes" : {
        "geo_lane" : [ [ "8" ] ]
      },
      "iusTag" : [ "NoIndex" ],
      "iusAttributes" : { },
      "workflowName" : [ "CASAVA-RTA" ],
      "processingAlgorithm" : [ "BCLToFastq" ],
      "processingAttributes" : { },
      "fileMetaType" : [ "chemical/seq-na-fastq-gzip" ],
      "fileAttributes" : { },
      "fileId" : -652983699
    } ]
  } ]
}