{
  "workflowRunCount" : 8,
  "studies" : [ "TGL07" ],
  "sequencerRuns" : [ "170818_D00331_0255_BCAYY2ANXX" ],
  "lanes" : [ "170818_D00331_0255_BCAYY2ANXX_lane_4", "170818_D00331_0255_BCAYY2ANXX_lane_5" ],
  "samples" : [ "TGL07_0001_Co_P_PE_377_BS", "TGL07_0002_Co_P_PE_377_BS", "TGL07_0003_En_P_PE_377_BS", "TGL07_0004_Ov_P_PE_377_BS" ],
  "workflows" : [ "CASAVA" ],
  "processingAlgorithms" : [ "ProvisionFiles" ],
  "fileMetaTypes" : [ "chemical/seq-na-fastq-gzip" ],
  "maxInputFiles" : 2,
  "minInputFiles" : 2,
  "totalInputFiles" : 16,
  "workflowRuns" : [ {
    "workflowIni" : {
      "bismark" : "/oicr/local/analysis/sw/bismark/bismark_v0.15.0/bismark",
      "bismark_mem" : "32",
      "bismark_methylation_extractor" : "/oicr/local/analysis/sw/bismark/bismark_v0.15.0/bismark_methylation_extractor",
      "bowtie" : "/oicr/local/analysis/sw/bowtie/bowtie2-2.1.0",
      "genome_folder" : "/oicr/data/genomes/homo_sapiens_mc/1000g/hs37d5/bismark/bowtie2",
      "library" : "library",
      "manual_output" : "false",
      "max_mismatch_allowed" : "1",
      "metadata" : "metadata",
      "no_of_multiprocessing_cores" : "2",
      "no_of_threads" : "4",
      "output_dir" : "seqware-results",
      "output_filename_prefix" : "TGL07_0001_Co_P_PE_377_BS",
      "r1_fastq_file" : "/.mounts/labs/TGL/production2/seqware-results/CASAVA_2.7.1/60459305/SWID_10350372_TGL07_0001_Co_P_PE_377_BS_NoGroup_170818_D00331_0255_BCAYY2ANXX_ACAGTGAT_L004_R1_001.fastq.gz",
      "r2_fastq_file" : "/.mounts/labs/TGL/production2/seqware-results/CASAVA_2.7.1/60459305/SWID_10350372_TGL07_0001_Co_P_PE_377_BS_NoGroup_170818_D00331_0255_BCAYY2ANXX_ACAGTGAT_L004_R2_001.fastq.gz",
      "run" : "run",
      "samtools" : "${workflow_bundle_dir}/Workflow_Bundle_Bismark/1.0/bin/samtools-0.1.19/samtools",
      "seed_length" : "32",
      "template_type" : "BS",
      "tmp_dir" : "tmp"
    },
    "files" : [ {
      "studyTitle" : [ "TGL07" ],
      "studyAttributes" : { },
      "experimentName" : [ ],
      "experimentAttributes" : { },
      "sampleName" : [ "TGL07_0001_Co_P_PE_377_BS" ],
      "sampleAttributes" : {
        "geo_external_name" : [ [ "COM-00278" ] ],
        "geo_library_source_template_type" : [ [ "BS" ] ],
        "geo_organism" : [ [ "Homo sapiens" ] ],
        "geo_prep_kit" : [ [ "TruSeq Methylation Epic Exome" ] ],
        "geo_purpose" : [ [ "Library" ] ],
        "geo_receive_date" : [ [ "2017-06-06" ] ],
        "geo_run_id_and_position" : [ [ "2806_4" ] ],
        "geo_str_result" : [ [ "Not Submitted" ] ],
        "geo_targeted_resequencing" : [ [ "TruSeq Methylation Epic Exome" ] ],
        "geo_template_type" : [ [ "Illumina PE Library" ] ],
        "geo_tissue_origin" : [ [ "Co" ] ],
        "geo_tissue_preparation" : [ [ "FFPE" ] ],
        "geo_tissue_type" : [ [ "P" ] ]
      },
      "sequencerRunName" : [ "170818_D00331_0255_BCAYY2ANXX" ],
      "sequencerRunAttributes" : {
        "instrument_name" : [ [ "D00331" ] ]
      },
      "laneName" : [ "170818_D00331_0255_BCAYY2ANXX_lane_4" ],
      "laneAttributes" : { },
      "iusTag" : [ "ACAGTGAT" ],
      "iusAttributes" : { },
      "workflowName" : [ "CASAVA" ],
      "processingAlgorithm" : [ "ProvisionFiles" ],
      "processingAttributes" : { },
      "fileMetaType" : [ "chemical/seq-na-fastq-gzip" ],
      "fileAttributes" : { },
      "fileId" : 383304534
    }, {
      "studyTitle" : [ "TGL07" ],
      "studyAttributes" : { },
      "experimentName" : [ ],
      "experimentAttributes" : { },
      "sampleName" : [ "TGL07_0001_Co_P_PE_377_BS" ],
      "sampleAttributes" : {
        "geo_external_name" : [ [ "COM-00278" ] ],
        "geo_library_source_template_type" : [ [ "BS" ] ],
        "geo_organism" : [ [ "Homo sapiens" ] ],
        "geo_prep_kit" : [ [ "TruSeq Methylation Epic Exome" ] ],
        "geo_purpose" : [ [ "Library" ] ],
        "geo_receive_date" : [ [ "2017-06-06" ] ],
        "geo_run_id_and_position" : [ [ "2806_4" ] ],
        "geo_str_result" : [ [ "Not Submitted" ] ],
        "geo_targeted_resequencing" : [ [ "TruSeq Methylation Epic Exome" ] ],
        "geo_template_type" : [ [ "Illumina PE Library" ] ],
        "geo_tissue_origin" : [ [ "Co" ] ],
        "geo_tissue_preparation" : [ [ "FFPE" ] ],
        "geo_tissue_type" : [ [ "P" ] ]
      },
      "sequencerRunName" : [ "170818_D00331_0255_BCAYY2ANXX" ],
      "sequencerRunAttributes" : {
        "instrument_name" : [ [ "D00331" ] ]
      },
      "laneName" : [ "170818_D00331_0255_BCAYY2ANXX_lane_4" ],
      "laneAttributes" : { },
      "iusTag" : [ "ACAGTGAT" ],
      "iusAttributes" : { },
      "workflowName" : [ "CASAVA" ],
      "processingAlgorithm" : [ "ProvisionFiles" ],
      "processingAttributes" : { },
      "fileMetaType" : [ "chemical/seq-na-fastq-gzip" ],
      "fileAttributes" : { },
      "fileId" : 888863159
    } ]
  }, {
    "workflowIni" : {
      "bismark" : "/oicr/local/analysis/sw/bismark/bismark_v0.15.0/bismark",
      "bismark_mem" : "32",
      "bismark_methylation_extractor" : "/oicr/local/analysis/sw/bismark/bismark_v0.15.0/bismark_methylation_extractor",
      "bowtie" : "/oicr/local/analysis/sw/bowtie/bowtie2-2.1.0",
      "check_expected_output" : "true",
      "genome_folder" : "/oicr/data/genomes/homo_sapiens_mc/1000g/hs37d5/bismark/bowtie2",
      "library" : "library",
      "manual_output" : "false",
      "max_mismatch_allowed" : "1",
      "metadata" : "metadata",
      "no_of_multiprocessing_cores" : "2",
      "no_of_threads" : "4",
      "output_dir" : "seqware-results",
      "output_filename_prefix" : "TGL07_0001_Co_P_PE_377_BS",
      "r1_fastq_file" : "/.mounts/labs/TGL/production2/seqware-results/CASAVA_2.7.1/59801611/SWID_10350362_TGL07_0001_Co_P_PE_377_BS_NoGroup_170818_D00331_0255_BCAYY2ANXX_ACAGTGAT_L005_R1_001.fastq.gz",
      "r2_fastq_file" : "/.mounts/labs/TGL/production2/seqware-results/CASAVA_2.7.1/59801611/SWID_10350362_TGL07_0001_Co_P_PE_377_BS_NoGroup_170818_D00331_0255_BCAYY2ANXX_ACAGTGAT_L005_R2_001.fastq.gz",
      "run" : "run",
      "samtools" : "${workflow_bundle_dir}/Workflow_Bundle_Bismark/1.0/bin/samtools-0.1.19/samtools",
      "seed_length" : "32",
      "template_type" : "BS",
      "tmp_dir" : "tmp"
    },
    "files" : [ {
      "studyTitle" : [ "TGL07" ],
      "studyAttributes" : { },
      "experimentName" : [ ],
      "experimentAttributes" : { },
      "sampleName" : [ "TGL07_0001_Co_P_PE_377_BS" ],
      "sampleAttributes" : {
        "geo_external_name" : [ [ "COM-00278" ] ],
        "geo_library_source_template_type" : [ [ "BS" ] ],
        "geo_organism" : [ [ "Homo sapiens" ] ],
        "geo_prep_kit" : [ [ "TruSeq Methylation Epic Exome" ] ],
        "geo_purpose" : [ [ "Library" ] ],
        "geo_receive_date" : [ [ "2017-06-06" ] ],
        "geo_run_id_and_position" : [ [ "2806_5" ] ],
        "geo_str_result" : [ [ "Not Submitted" ] ],
        "geo_targeted_resequencing" : [ [ "TruSeq Methylation Epic Exome" ] ],
        "geo_template_type" : [ [ "Illumina PE Library" ] ],
        "geo_tissue_origin" : [ [ "Co" ] ],
        "geo_tissue_preparation" : [ [ "FFPE" ] ],
        "geo_tissue_type" : [ [ "P" ] ]
      },
      "sequencerRunName" : [ "170818_D00331_0255_BCAYY2ANXX" ],
      "sequencerRunAttributes" : {
        "instrument_name" : [ [ "D00331" ] ]
      },
      "laneName" : [ "170818_D00331_0255_BCAYY2ANXX_lane_5" ],
      "laneAttributes" : { },
      "iusTag" : [ "ACAGTGAT" ],
      "iusAttributes" : { },
      "workflowName" : [ "CASAVA" ],
      "processingAlgorithm" : [ "ProvisionFiles" ],
      "processingAttributes" : { },
      "fileMetaType" : [ "chemical/seq-na-fastq-gzip" ],
      "fileAttributes" : { },
      "fileId" : -1137504065
    }, {
      "studyTitle" : [ "TGL07" ],
      "studyAttributes" : { },
      "experimentName" : [ ],
      "experimentAttributes" : { },
      "sampleName" : [ "TGL07_0001_Co_P_PE_377_BS" ],
      "sampleAttributes" : {
        "geo_external_name" : [ [ "COM-00278" ] ],
        "geo_library_source_template_type" : [ [ "BS" ] ],
        "geo_organism" : [ [ "Homo sapiens" ] ],
        "geo_prep_kit" : [ [ "TruSeq Methylation Epic Exome" ] ],
        "geo_purpose" : [ [ "Library" ] ],
        "geo_receive_date" : [ [ "2017-06-06" ] ],
        "geo_run_id_and_position" : [ [ "2806_5" ] ],
        "geo_str_result" : [ [ "Not Submitted" ] ],
        "geo_targeted_resequencing" : [ [ "TruSeq Methylation Epic Exome" ] ],
        "geo_template_type" : [ [ "Illumina PE Library" ] ],
        "geo_tissue_origin" : [ [ "Co" ] ],
        "geo_tissue_preparation" : [ [ "FFPE" ] ],
        "geo_tissue_type" : [ [ "P" ] ]
      },
      "sequencerRunName" : [ "170818_D00331_0255_BCAYY2ANXX" ],
      "sequencerRunAttributes" : {
        "instrument_name" : [ [ "D00331" ] ]
      },
      "laneName" : [ "170818_D00331_0255_BCAYY2ANXX_lane_5" ],
      "laneAttributes" : { },
      "iusTag" : [ "ACAGTGAT" ],
      "iusAttributes" : { },
      "workflowName" : [ "CASAVA" ],
      "processingAlgorithm" : [ "ProvisionFiles" ],
      "processingAttributes" : { },
      "fileMetaType" : [ "chemical/seq-na-fastq-gzip" ],
      "fileAttributes" : { },
      "fileId" : -631945440
    } ]
  }, {
    "workflowIni" : {
      "bismark" : "/oicr/local/analysis/sw/bismark/bismark_v0.15.0/bismark",
      "bismark_mem" : "32",
      "bismark_methylation_extractor" : "/oicr/local/analysis/sw/bismark/bismark_v0.15.0/bismark_methylation_extractor",
      "bowtie" : "/oicr/local/analysis/sw/bowtie/bowtie2-2.1.0",
      "check_expected_output" : "true",
      "genome_folder" : "/oicr/data/genomes/homo_sapiens_mc/1000g/hs37d5/bismark/bowtie2",
      "library" : "library",
      "manual_output" : "false",
      "max_mismatch_allowed" : "1",
      "metadata" : "metadata",
      "no_of_multiprocessing_cores" : "2",
      "no_of_threads" : "4",
      "output_dir" : "seqware-results",
      "output_filename_prefix" : "TGL07_0002_Co_P_PE_377_BS",
      "r1_fastq_file" : "/.mounts/labs/TGL/production2/seqware-results/CASAVA_2.7.1/60459305/SWID_10350374_TGL07_0002_Co_P_PE_377_BS_NoGroup_170818_D00331_0255_BCAYY2ANXX_GCCAATAT_L004_R1_001.fastq.gz",
      "r2_fastq_file" : "/.mounts/labs/TGL/production2/seqware-results/CASAVA_2.7.1/60459305/SWID_10350374_TGL07_0002_Co_P_PE_377_BS_NoGroup_170818_D00331_0255_BCAYY2ANXX_GCCAATAT_L004_R2_001.fastq.gz",
      "run" : "run",
      "samtools" : "${workflow_bundle_dir}/Workflow_Bundle_Bismark/1.0/bin/samtools-0.1.19/samtools",
      "seed_length" : "32",
      "template_type" : "BS",
      "tmp_dir" : "tmp"
    },
    "files" : [ {
      "studyTitle" : [ "TGL07" ],
      "studyAttributes" : { },
      "experimentName" : [ ],
      "experimentAttributes" : { },
      "sampleName" : [ "TGL07_0002_Co_P_PE_377_BS" ],
      "sampleAttributes" : {
        "geo_external_name" : [ [ "COM-00510" ] ],
        "geo_library_source_template_type" : [ [ "BS" ] ],
        "geo_organism" : [ [ "Homo sapiens" ] ],
        "geo_prep_kit" : [ [ "TruSeq Methylation Epic Exome" ] ],
        "geo_purpose" : [ [ "Library" ] ],
        "geo_receive_date" : [ [ "2017-06-06" ] ],
        "geo_run_id_and_position" : [ [ "2806_4" ] ],
        "geo_str_result" : [ [ "Not Submitted" ] ],
        "geo_targeted_resequencing" : [ [ "TruSeq Methylation Epic Exome" ] ],
        "geo_template_type" : [ [ "Illumina PE Library" ] ],
        "geo_tissue_origin" : [ [ "Co" ] ],
        "geo_tissue_preparation" : [ [ "FFPE" ] ],
        "geo_tissue_type" : [ [ "P" ] ]
      },
      "sequencerRunName" : [ "170818_D00331_0255_BCAYY2ANXX" ],
      "sequencerRunAttributes" : {
        "instrument_name" : [ [ "D00331" ] ]
      },
      "laneName" : [ "170818_D00331_0255_BCAYY2ANXX_lane_4" ],
      "laneAttributes" : { },
      "iusTag" : [ "GCCAATAT" ],
      "iusAttributes" : { },
      "workflowName" : [ "CASAVA" ],
      "processingAlgorithm" : [ "ProvisionFiles" ],
      "processingAttributes" : { },
      "fileMetaType" : [ "chemical/seq-na-fastq-gzip" ],
      "fileAttributes" : { },
      "fileId" : 189576773
    }, {
      "studyTitle" : [ "TGL07" ],
      "studyAttributes" : { },
      "experimentName" : [ ],
      "experimentAttributes" : { },
      "sampleName" : [ "TGL07_0002_Co_P_PE_377_BS" ],
      "sampleAttributes" : {
        "geo_external_name" : [ [ "COM-00510" ] ],
        "geo_library_source_template_type" : [ [ "BS" ] ],
        "geo_organism" : [ [ "Homo sapiens" ] ],
        "geo_prep_kit" : [ [ "TruSeq Methylation Epic Exome" ] ],
        "geo_purpose" : [ [ "Library" ] ],
        "geo_receive_date" : [ [ "2017-06-06" ] ],
        "geo_run_id_and_position" : [ [ "2806_4" ] ],
        "geo_str_result" : [ [ "Not Submitted" ] ],
        "geo_targeted_resequencing" : [ [ "TruSeq Methylation Epic Exome" ] ],
        "geo_template_type" : [ [ "Illumina PE Library" ] ],
        "geo_tissue_origin" : [ [ "Co" ] ],
        "geo_tissue_preparation" : [ [ "FFPE" ] ],
        "geo_tissue_type" : [ [ "P" ] ]
      },
      "sequencerRunName" : [ "170818_D00331_0255_BCAYY2ANXX" ],
      "sequencerRunAttributes" : {
        "instrument_name" : [ [ "D00331" ] ]
      },
      "laneName" : [ "170818_D00331_0255_BCAYY2ANXX_lane_4" ],
      "laneAttributes" : { },
      "iusTag" : [ "GCCAATAT" ],
      "iusAttributes" : { },
      "workflowName" : [ "CASAVA" ],
      "processingAlgorithm" : [ "ProvisionFiles" ],
      "processingAttributes" : { },
      "fileMetaType" : [ "chemical/seq-na-fastq-gzip" ],
      "fileAttributes" : { },
      "fileId" : 695135398
    } ]
  }, {
    "workflowIni" : {
      "bismark" : "/oicr/local/analysis/sw/bismark/bismark_v0.15.0/bismark",
      "bismark_mem" : "32",
      "bismark_methylation_extractor" : "/oicr/local/analysis/sw/bismark/bismark_v0.15.0/bismark_methylation_extractor",
      "bowtie" : "/oicr/local/analysis/sw/bowtie/bowtie2-2.1.0",
      "check_expected_output" : "true",
      "genome_folder" : "/oicr/data/genomes/homo_sapiens_mc/1000g/hs37d5/bismark/bowtie2",
      "library" : "library",
      "manual_output" : "false",
      "max_mismatch_allowed" : "1",
      "metadata" : "metadata",
      "no_of_multiprocessing_cores" : "2",
      "no_of_threads" : "4",
      "output_dir" : "seqware-results",
      "output_filename_prefix" : "TGL07_0002_Co_P_PE_377_BS",
      "r1_fastq_file" : "/.mounts/labs/TGL/production2/seqware-results/CASAVA_2.7.1/59801611/SWID_10350364_TGL07_0002_Co_P_PE_377_BS_NoGroup_170818_D00331_0255_BCAYY2ANXX_GCCAATAT_L005_R1_001.fastq.gz",
      "r2_fastq_file" : "/.mounts/labs/TGL/production2/seqware-results/CASAVA_2.7.1/59801611/SWID_10350364_TGL07_0002_Co_P_PE_377_BS_NoGroup_170818_D00331_0255_BCAYY2ANXX_GCCAATAT_L005_R2_001.fastq.gz",
      "run" : "run",
      "samtools" : "${workflow_bundle_dir}/Workflow_Bundle_Bismark/1.0/bin/samtools-0.1.19/samtools",
      "seed_length" : "32",
      "template_type" : "BS",
      "tmp_dir" : "tmp"
    },
    "files" : [ {
      "studyTitle" : [ "TGL07" ],
      "studyAttributes" : { },
      "experimentName" : [ ],
      "experimentAttributes" : { },
      "sampleName" : [ "TGL07_0002_Co_P_PE_377_BS" ],
      "sampleAttributes" : {
        "geo_external_name" : [ [ "COM-00510" ] ],
        "geo_library_source_template_type" : [ [ "BS" ] ],
        "geo_organism" : [ [ "Homo sapiens" ] ],
        "geo_prep_kit" : [ [ "TruSeq Methylation Epic Exome" ] ],
        "geo_purpose" : [ [ "Library" ] ],
        "geo_receive_date" : [ [ "2017-06-06" ] ],
        "geo_run_id_and_position" : [ [ "2806_5" ] ],
        "geo_str_result" : [ [ "Not Submitted" ] ],
        "geo_targeted_resequencing" : [ [ "TruSeq Methylation Epic Exome" ] ],
        "geo_template_type" : [ [ "Illumina PE Library" ] ],
        "geo_tissue_origin" : [ [ "Co" ] ],
        "geo_tissue_preparation" : [ [ "FFPE" ] ],
        "geo_tissue_type" : [ [ "P" ] ]
      },
      "sequencerRunName" : [ "170818_D00331_0255_BCAYY2ANXX" ],
      "sequencerRunAttributes" : {
        "instrument_name" : [ [ "D00331" ] ]
      },
      "laneName" : [ "170818_D00331_0255_BCAYY2ANXX_lane_5" ],
      "laneAttributes" : { },
      "iusTag" : [ "GCCAATAT" ],
      "iusAttributes" : { },
      "workflowName" : [ "CASAVA" ],
      "processingAlgorithm" : [ "ProvisionFiles" ],
      "processingAttributes" : { },
      "fileMetaType" : [ "chemical/seq-na-fastq-gzip" ],
      "fileAttributes" : { },
      "fileId" : -1331231826
    }, {
      "studyTitle" : [ "TGL07" ],
      "studyAttributes" : { },
      "experimentName" : [ ],
      "experimentAttributes" : { },
      "sampleName" : [ "TGL07_0002_Co_P_PE_377_BS" ],
      "sampleAttributes" : {
        "geo_external_name" : [ [ "COM-00510" ] ],
        "geo_library_source_template_type" : [ [ "BS" ] ],
        "geo_organism" : [ [ "Homo sapiens" ] ],
        "geo_prep_kit" : [ [ "TruSeq Methylation Epic Exome" ] ],
        "geo_purpose" : [ [ "Library" ] ],
        "geo_receive_date" : [ [ "2017-06-06" ] ],
        "geo_run_id_and_position" : [ [ "2806_5" ] ],
        "geo_str_result" : [ [ "Not Submitted" ] ],
        "geo_targeted_resequencing" : [ [ "TruSeq Methylation Epic Exome" ] ],
        "geo_template_type" : [ [ "Illumina PE Library" ] ],
        "geo_tissue_origin" : [ [ "Co" ] ],
        "geo_tissue_preparation" : [ [ "FFPE" ] ],
        "geo_tissue_type" : [ [ "P" ] ]
      },
      "sequencerRunName" : [ "170818_D00331_0255_BCAYY2ANXX" ],
      "sequencerRunAttributes" : {
        "instrument_name" : [ [ "D00331" ] ]
      },
      "laneName" : [ "170818_D00331_0255_BCAYY2ANXX_lane_5" ],
      "laneAttributes" : { },
      "iusTag" : [ "GCCAATAT" ],
      "iusAttributes" : { },
      "workflowName" : [ "CASAVA" ],
      "processingAlgorithm" : [ "ProvisionFiles" ],
      "processingAttributes" : { },
      "fileMetaType" : [ "chemical/seq-na-fastq-gzip" ],
      "fileAttributes" : { },
      "fileId" : -825673201
    } ]
  }, {
    "workflowIni" : {
      "bismark" : "/oicr/local/analysis/sw/bismark/bismark_v0.15.0/bismark",
      "bismark_mem" : "32",
      "bismark_methylation_extractor" : "/oicr/local/analysis/sw/bismark/bismark_v0.15.0/bismark_methylation_extractor",
      "bowtie" : "/oicr/local/analysis/sw/bowtie/bowtie2-2.1.0",
      "check_expected_output" : "true",
      "genome_folder" : "/oicr/data/genomes/homo_sapiens_mc/1000g/hs37d5/bismark/bowtie2",
      "library" : "library",
      "manual_output" : "false",
      "max_mismatch_allowed" : "1",
      "metadata" : "metadata",
      "no_of_multiprocessing_cores" : "2",
      "no_of_threads" : "4",
      "output_dir" : "seqware-results",
      "output_filename_prefix" : "TGL07_0003_En_P_PE_377_BS",
      "r1_fastq_file" : "/.mounts/labs/TGL/production2/seqware-results/CASAVA_2.7.1/60459305/SWID_10350376_TGL07_0003_En_P_PE_377_BS_NoGroup_170818_D00331_0255_BCAYY2ANXX_CTTGTAAT_L004_R1_001.fastq.gz",
      "r2_fastq_file" : "/.mounts/labs/TGL/production2/seqware-results/CASAVA_2.7.1/60459305/SWID_10350376_TGL07_0003_En_P_PE_377_BS_NoGroup_170818_D00331_0255_BCAYY2ANXX_CTTGTAAT_L004_R2_001.fastq.gz",
      "run" : "run",
      "samtools" : "${workflow_bundle_dir}/Workflow_Bundle_Bismark/1.0/bin/samtools-0.1.19/samtools",
      "seed_length" : "32",
      "template_type" : "BS",
      "tmp_dir" : "tmp"
    },
    "files" : [ {
      "studyTitle" : [ "TGL07" ],
      "studyAttributes" : { },
      "experimentName" : [ ],
      "experimentAttributes" : { },
      "sampleName" : [ "TGL07_0003_En_P_PE_377_BS" ],
      "sampleAttributes" : {
        "geo_external_name" : [ [ "COM-00518" ] ],
        "geo_library_source_template_type" : [ [ "BS" ] ],
        "geo_organism" : [ [ "Homo sapiens" ] ],
        "geo_prep_kit" : [ [ "TruSeq Methylation Epic Exome" ] ],
        "geo_purpose" : [ [ "Library" ] ],
        "geo_receive_date" : [ [ "2017-06-06" ] ],
        "geo_run_id_and_position" : [ [ "2806_4" ] ],
        "geo_str_result" : [ [ "Not Submitted" ] ],
        "geo_targeted_resequencing" : [ [ "TruSeq Methylation Epic Exome" ] ],
        "geo_template_type" : [ [ "Illumina PE Library" ] ],
        "geo_tissue_origin" : [ [ "En" ] ],
        "geo_tissue_preparation" : [ [ "FFPE" ] ],
        "geo_tissue_type" : [ [ "P" ] ]
      },
      "sequencerRunName" : [ "170818_D00331_0255_BCAYY2ANXX" ],
      "sequencerRunAttributes" : {
        "instrument_name" : [ [ "D00331" ] ]
      },
      "laneName" : [ "170818_D00331_0255_BCAYY2ANXX_lane_4" ],
      "laneAttributes" : { },
      "iusTag" : [ "CTTGTAAT" ],
      "iusAttributes" : { },
      "workflowName" : [ "CASAVA" ],
      "processingAlgorithm" : [ "ProvisionFiles" ],
      "processingAttributes" : { },
      "fileMetaType" : [ "chemical/seq-na-fastq-gzip" ],
      "fileAttributes" : { },
      "fileId" : -1938267872
    }, {
      "studyTitle" : [ "TGL07" ],
      "studyAttributes" : { },
      "experimentName" : [ ],
      "experimentAttributes" : { },
      "sampleName" : [ "TGL07_0003_En_P_PE_377_BS" ],
      "sampleAttributes" : {
        "geo_external_name" : [ [ "COM-00518" ] ],
        "geo_library_source_template_type" : [ [ "BS" ] ],
        "geo_organism" : [ [ "Homo sapiens" ] ],
        "geo_prep_kit" : [ [ "TruSeq Methylation Epic Exome" ] ],
        "geo_purpose" : [ [ "Library" ] ],
        "geo_receive_date" : [ [ "2017-06-06" ] ],
        "geo_run_id_and_position" : [ [ "2806_4" ] ],
        "geo_str_result" : [ [ "Not Submitted" ] ],
        "geo_targeted_resequencing" : [ [ "TruSeq Methylation Epic Exome" ] ],
        "geo_template_type" : [ [ "Illumina PE Library" ] ],
        "geo_tissue_origin" : [ [ "En" ] ],
        "geo_tissue_preparation" : [ [ "FFPE" ] ],
        "geo_tissue_type" : [ [ "P" ] ]
      },
      "sequencerRunName" : [ "170818_D00331_0255_BCAYY2ANXX" ],
      "sequencerRunAttributes" : {
        "instrument_name" : [ [ "D00331" ] ]
      },
      "laneName" : [ "170818_D00331_0255_BCAYY2ANXX_lane_4" ],
      "laneAttributes" : { },
      "iusTag" : [ "CTTGTAAT" ],
      "iusAttributes" : { },
      "workflowName" : [ "CASAVA" ],
      "processingAlgorithm" : [ "ProvisionFiles" ],
      "processingAttributes" : { },
      "fileMetaType" : [ "chemical/seq-na-fastq-gzip" ],
      "fileAttributes" : { },
      "fileId" : 1851140799
    } ]
  }, {
    "workflowIni" : {
      "bismark" : "/oicr/local/analysis/sw/bismark/bismark_v0.15.0/bismark",
      "bismark_mem" : "32",
      "bismark_methylation_extractor" : "/oicr/local/analysis/sw/bismark/bismark_v0.15.0/bismark_methylation_extractor",
      "bowtie" : "/oicr/local/analysis/sw/bowtie/bowtie2-2.1.0",
      "check_expected_output" : "true",
      "genome_folder" : "/oicr/data/genomes/homo_sapiens_mc/1000g/hs37d5/bismark/bowtie2",
      "library" : "library",
      "manual_output" : "false",
      "max_mismatch_allowed" : "1",
      "metadata" : "metadata",
      "no_of_multiprocessing_cores" : "2",
      "no_of_threads" : "4",
      "output_dir" : "seqware-results",
      "output_filename_prefix" : "TGL07_0003_En_P_PE_377_BS",
      "r1_fastq_file" : "/.mounts/labs/TGL/production2/seqware-results/CASAVA_2.7.1/59801611/SWID_10350366_TGL07_0003_En_P_PE_377_BS_NoGroup_170818_D00331_0255_BCAYY2ANXX_CTTGTAAT_L005_R1_001.fastq.gz",
      "r2_fastq_file" : "/.mounts/labs/TGL/production2/seqware-results/CASAVA_2.7.1/59801611/SWID_10350366_TGL07_0003_En_P_PE_377_BS_NoGroup_170818_D00331_0255_BCAYY2ANXX_CTTGTAAT_L005_R2_001.fastq.gz",
      "run" : "run",
      "samtools" : "${workflow_bundle_dir}/Workflow_Bundle_Bismark/1.0/bin/samtools-0.1.19/samtools",
      "seed_length" : "32",
      "template_type" : "BS",
      "tmp_dir" : "tmp"
    },
    "files" : [ {
      "studyTitle" : [ "TGL07" ],
      "studyAttributes" : { },
      "experimentName" : [ ],
      "experimentAttributes" : { },
      "sampleName" : [ "TGL07_0003_En_P_PE_377_BS" ],
      "sampleAttributes" : {
        "geo_external_name" : [ [ "COM-00518" ] ],
        "geo_library_source_template_type" : [ [ "BS" ] ],
        "geo_organism" : [ [ "Homo sapiens" ] ],
        "geo_prep_kit" : [ [ "TruSeq Methylation Epic Exome" ] ],
        "geo_purpose" : [ [ "Library" ] ],
        "geo_receive_date" : [ [ "2017-06-06" ] ],
        "geo_run_id_and_position" : [ [ "2806_5" ] ],
        "geo_str_result" : [ [ "Not Submitted" ] ],
        "geo_targeted_resequencing" : [ [ "TruSeq Methylation Epic Exome" ] ],
        "geo_template_type" : [ [ "Illumina PE Library" ] ],
        "geo_tissue_origin" : [ [ "En" ] ],
        "geo_tissue_preparation" : [ [ "FFPE" ] ],
        "geo_tissue_type" : [ [ "P" ] ]
      },
      "sequencerRunName" : [ "170818_D00331_0255_BCAYY2ANXX" ],
      "sequencerRunAttributes" : {
        "instrument_name" : [ [ "D00331" ] ]
      },
      "laneName" : [ "170818_D00331_0255_BCAYY2ANXX_lane_5" ],
      "laneAttributes" : { },
      "iusTag" : [ "CTTGTAAT" ],
      "iusAttributes" : { },
      "workflowName" : [ "CASAVA" ],
      "processingAlgorithm" : [ "ProvisionFiles" ],
      "processingAttributes" : { },
      "fileMetaType" : [ "chemical/seq-na-fastq-gzip" ],
      "fileAttributes" : { },
      "fileId" : 330332200
    }, {
      "studyTitle" : [ "TGL07" ],
      "studyAttributes" : { },
      "experimentName" : [ ],
      "experimentAttributes" : { },
      "sampleName" : [ "TGL07_0003_En_P_PE_377_BS" ],
      "sampleAttributes" : {
        "geo_external_name" : [ [ "COM-00518" ] ],
        "geo_library_source_template_type" : [ [ "BS" ] ],
        "geo_organism" : [ [ "Homo sapiens" ] ],
        "geo_prep_kit" : [ [ "TruSeq Methylation Epic Exome" ] ],
        "geo_purpose" : [ [ "Library" ] ],
        "geo_receive_date" : [ [ "2017-06-06" ] ],
        "geo_run_id_and_position" : [ [ "2806_5" ] ],
        "geo_str_result" : [ [ "Not Submitted" ] ],
        "geo_targeted_resequencing" : [ [ "TruSeq Methylation Epic Exome" ] ],
        "geo_template_type" : [ [ "Illumina PE Library" ] ],
        "geo_tissue_origin" : [ [ "En" ] ],
        "geo_tissue_preparation" : [ [ "FFPE" ] ],
        "geo_tissue_type" : [ [ "P" ] ]
      },
      "sequencerRunName" : [ "170818_D00331_0255_BCAYY2ANXX" ],
      "sequencerRunAttributes" : {
        "instrument_name" : [ [ "D00331" ] ]
      },
      "laneName" : [ "170818_D00331_0255_BCAYY2ANXX_lane_5" ],
      "laneAttributes" : { },
      "iusTag" : [ "CTTGTAAT" ],
      "iusAttributes" : { },
      "workflowName" : [ "CASAVA" ],
      "processingAlgorithm" : [ "ProvisionFiles" ],
      "processingAttributes" : { },
      "fileMetaType" : [ "chemical/seq-na-fastq-gzip" ],
      "fileAttributes" : { },
      "fileId" : 835890825
    } ]
  }, {
    "workflowIni" : {
      "bismark" : "/oicr/local/analysis/sw/bismark/bismark_v0.15.0/bismark",
      "bismark_mem" : "32",
      "bismark_methylation_extractor" : "/oicr/local/analysis/sw/bismark/bismark_v0.15.0/bismark_methylation_extractor",
      "bowtie" : "/oicr/local/analysis/sw/bowtie/bowtie2-2.1.0",
      "check_expected_output" : "true",
      "genome_folder" : "/oicr/data/genomes/homo_sapiens_mc/1000g/hs37d5/bismark/bowtie2",
      "library" : "library",
      "manual_output" : "false",
      "max_mismatch_allowed" : "1",
      "metadata" : "metadata",
      "no_of_multiprocessing_cores" : "2",
      "no_of_threads" : "4",
      "output_dir" : "seqware-results",
      "output_filename_prefix" : "TGL07_0004_Ov_P_PE_377_BS",
      "r1_fastq_file" : "/.mounts/labs/TGL/production2/seqware-results/CASAVA_2.7.1/60459305/SWID_10350378_TGL07_0004_Ov_P_PE_377_BS_NoGroup_170818_D00331_0255_BCAYY2ANXX_GTGAAACG_L004_R1_001.fastq.gz",
      "r2_fastq_file" : "/.mounts/labs/TGL/production2/seqware-results/CASAVA_2.7.1/60459305/SWID_10350378_TGL07_0004_Ov_P_PE_377_BS_NoGroup_170818_D00331_0255_BCAYY2ANXX_GTGAAACG_L004_R2_001.fastq.gz",
      "run" : "run",
      "samtools" : "${workflow_bundle_dir}/Workflow_Bundle_Bismark/1.0/bin/samtools-0.1.19/samtools",
      "seed_length" : "32",
      "template_type" : "BS",
      "tmp_dir" : "tmp"
    },
    "files" : [ {
      "studyTitle" : [ "TGL07" ],
      "studyAttributes" : { },
      "experimentName" : [ ],
      "experimentAttributes" : { },
      "sampleName" : [ "TGL07_0004_Ov_P_PE_377_BS" ],
      "sampleAttributes" : {
        "geo_external_name" : [ [ "COM-00555" ] ],
        "geo_library_source_template_type" : [ [ "BS" ] ],
        "geo_organism" : [ [ "Homo sapiens" ] ],
        "geo_prep_kit" : [ [ "TruSeq Methylation Epic Exome" ] ],
        "geo_purpose" : [ [ "Library" ] ],
        "geo_receive_date" : [ [ "2017-06-06" ] ],
        "geo_run_id_and_position" : [ [ "2806_4" ] ],
        "geo_str_result" : [ [ "Not Submitted" ] ],
        "geo_targeted_resequencing" : [ [ "TruSeq Methylation Epic Exome" ] ],
        "geo_template_type" : [ [ "Illumina PE Library" ] ],
        "geo_tissue_origin" : [ [ "Ov" ] ],
        "geo_tissue_preparation" : [ [ "FFPE" ] ],
        "geo_tissue_type" : [ [ "P" ] ]
      },
      "sequencerRunName" : [ "170818_D00331_0255_BCAYY2ANXX" ],
      "sequencerRunAttributes" : {
        "instrument_name" : [ [ "D00331" ] ]
      },
      "laneName" : [ "170818_D00331_0255_BCAYY2ANXX_lane_4" ],
      "laneAttributes" : { },
      "iusTag" : [ "GTGAAACG" ],
      "iusAttributes" : { },
      "workflowName" : [ "CASAVA" ],
      "processingAlgorithm" : [ "ProvisionFiles" ],
      "processingAttributes" : { },
      "fileMetaType" : [ "chemical/seq-na-fastq-gzip" ],
      "fileAttributes" : { },
      "fileId" : -1664492520
    }, {
      "studyTitle" : [ "TGL07" ],
      "studyAttributes" : { },
      "experimentName" : [ ],
      "experimentAttributes" : { },
      "sampleName" : [ "TGL07_0004_Ov_P_PE_377_BS" ],
      "sampleAttributes" : {
        "geo_external_name" : [ [ "COM-00555" ] ],
        "geo_library_source_template_type" : [ [ "BS" ] ],
        "geo_organism" : [ [ "Homo sapiens" ] ],
        "geo_prep_kit" : [ [ "TruSeq Methylation Epic Exome" ] ],
        "geo_purpose" : [ [ "Library" ] ],
        "geo_receive_date" : [ [ "2017-06-06" ] ],
        "geo_run_id_and_position" : [ [ "2806_4" ] ],
        "geo_str_result" : [ [ "Not Submitted" ] ],
        "geo_targeted_resequencing" : [ [ "TruSeq Methylation Epic Exome" ] ],
        "geo_template_type" : [ [ "Illumina PE Library" ] ],
        "geo_tissue_origin" : [ [ "Ov" ] ],
        "geo_tissue_preparation" : [ [ "FFPE" ] ],
        "geo_tissue_type" : [ [ "P" ] ]
      },
      "sequencerRunName" : [ "170818_D00331_0255_BCAYY2ANXX" ],
      "sequencerRunAttributes" : {
        "instrument_name" : [ [ "D00331" ] ]
      },
      "laneName" : [ "170818_D00331_0255_BCAYY2ANXX_lane_4" ],
      "laneAttributes" : { },
      "iusTag" : [ "GTGAAACG" ],
      "iusAttributes" : { },
      "workflowName" : [ "CASAVA" ],
      "processingAlgorithm" : [ "ProvisionFiles" ],
      "processingAttributes" : { },
      "fileMetaType" : [ "chemical/seq-na-fastq-gzip" ],
      "fileAttributes" : { },
      "fileId" : 2124916151
    } ]
  }, {
    "workflowIni" : {
      "bismark" : "/oicr/local/analysis/sw/bismark/bismark_v0.15.0/bismark",
      "bismark_mem" : "32",
      "bismark_methylation_extractor" : "/oicr/local/analysis/sw/bismark/bismark_v0.15.0/bismark_methylation_extractor",
      "bowtie" : "/oicr/local/analysis/sw/bowtie/bowtie2-2.1.0",
      "check_expected_output" : "true",
      "genome_folder" : "/oicr/data/genomes/homo_sapiens_mc/1000g/hs37d5/bismark/bowtie2",
      "library" : "library",
      "manual_output" : "false",
      "max_mismatch_allowed" : "1",
      "metadata" : "metadata",
      "no_of_multiprocessing_cores" : "2",
      "no_of_threads" : "4",
      "output_dir" : "seqware-results",
      "output_filename_prefix" : "TGL07_0004_Ov_P_PE_377_BS",
      "r1_fastq_file" : "/.mounts/labs/TGL/production2/seqware-results/CASAVA_2.7.1/59801611/SWID_10350368_TGL07_0004_Ov_P_PE_377_BS_NoGroup_170818_D00331_0255_BCAYY2ANXX_GTGAAACG_L005_R1_001.fastq.gz",
      "r2_fastq_file" : "/.mounts/labs/TGL/production2/seqware-results/CASAVA_2.7.1/59801611/SWID_10350368_TGL07_0004_Ov_P_PE_377_BS_NoGroup_170818_D00331_0255_BCAYY2ANXX_GTGAAACG_L005_R2_001.fastq.gz",
      "run" : "run",
      "samtools" : "${workflow_bundle_dir}/Workflow_Bundle_Bismark/1.0/bin/samtools-0.1.19/samtools",
      "seed_length" : "32",
      "template_type" : "BS",
      "tmp_dir" : "tmp"
    },
    "files" : [ {
      "studyTitle" : [ "TGL07" ],
      "studyAttributes" : { },
      "experimentName" : [ ],
      "experimentAttributes" : { },
      "sampleName" : [ "TGL07_0004_Ov_P_PE_377_BS" ],
      "sampleAttributes" : {
        "geo_external_name" : [ [ "COM-00555" ] ],
        "geo_library_source_template_type" : [ [ "BS" ] ],
        "geo_organism" : [ [ "Homo sapiens" ] ],
        "geo_prep_kit" : [ [ "TruSeq Methylation Epic Exome" ] ],
        "geo_purpose" : [ [ "Library" ] ],
        "geo_receive_date" : [ [ "2017-06-06" ] ],
        "geo_run_id_and_position" : [ [ "2806_5" ] ],
        "geo_str_result" : [ [ "Not Submitted" ] ],
        "geo_targeted_resequencing" : [ [ "TruSeq Methylation Epic Exome" ] ],
        "geo_template_type" : [ [ "Illumina PE Library" ] ],
        "geo_tissue_origin" : [ [ "Ov" ] ],
        "geo_tissue_preparation" : [ [ "FFPE" ] ],
        "geo_tissue_type" : [ [ "P" ] ]
      },
      "sequencerRunName" : [ "170818_D00331_0255_BCAYY2ANXX" ],
      "sequencerRunAttributes" : {
        "instrument_name" : [ [ "D00331" ] ]
      },
      "laneName" : [ "170818_D00331_0255_BCAYY2ANXX_lane_5" ],
      "laneAttributes" : { },
      "iusTag" : [ "GTGAAACG" ],
      "iusAttributes" : { },
      "workflowName" : [ "CASAVA" ],
      "processingAlgorithm" : [ "ProvisionFiles" ],
      "processingAttributes" : { },
      "fileMetaType" : [ "chemical/seq-na-fastq-gzip" ],
      "fileAttributes" : { },
      "fileId" : 1109666177
    }, {
      "studyTitle" : [ "TGL07" ],
      "studyAttributes" : { },
      "experimentName" : [ ],
      "experimentAttributes" : { },
      "sampleName" : [ "TGL07_0004_Ov_P_PE_377_BS" ],
      "sampleAttributes" : {
        "geo_external_name" : [ [ "COM-00555" ] ],
        "geo_library_source_template_type" : [ [ "BS" ] ],
        "geo_organism" : [ [ "Homo sapiens" ] ],
        "geo_prep_kit" : [ [ "TruSeq Methylation Epic Exome" ] ],
        "geo_purpose" : [ [ "Library" ] ],
        "geo_receive_date" : [ [ "2017-06-06" ] ],
        "geo_run_id_and_position" : [ [ "2806_5" ] ],
        "geo_str_result" : [ [ "Not Submitted" ] ],
        "geo_targeted_resequencing" : [ [ "TruSeq Methylation Epic Exome" ] ],
        "geo_template_type" : [ [ "Illumina PE Library" ] ],
        "geo_tissue_origin" : [ [ "Ov" ] ],
        "geo_tissue_preparation" : [ [ "FFPE" ] ],
        "geo_tissue_type" : [ [ "P" ] ]
      },
      "sequencerRunName" : [ "170818_D00331_0255_BCAYY2ANXX" ],
      "sequencerRunAttributes" : {
        "instrument_name" : [ [ "D00331" ] ]
      },
      "laneName" : [ "170818_D00331_0255_BCAYY2ANXX_lane_5" ],
      "laneAttributes" : { },
      "iusTag" : [ "GTGAAACG" ],
      "iusAttributes" : { },
      "workflowName" : [ "CASAVA" ],
      "processingAlgorithm" : [ "ProvisionFiles" ],
      "processingAttributes" : { },
      "fileMetaType" : [ "chemical/seq-na-fastq-gzip" ],
      "fileAttributes" : { },
      "fileId" : 604107552
    } ]
  } ]
}